// Jest Snapshot v1, https://goo.gl/fbAQLP

exports[`test to render EditExpensePage correctly 1`] = `
<div>
  <div
    className="page-header"
  >
    <div
      className="content-container"
    >
      <h1
        className="page-header__title"
      >
        Edit Expense
      </h1>
    </div>
  </div>
  <div
    className="content-container"
  >
    <ExpenseForm
      expense={
        Object {
          "amount": 195,
          "createdAt": 0,
          "description": "Gum",
          "id": "a",
          "note": "",
        }
      }
      onSubmit={[Function]}
    />
    <div>
      <button
        className="ExpenseItem__btnRemove"
        onClick={[Function]}
      >
        Remove expense
      </button>
    </div>
  </div>
</div>
`;
