// Jest Snapshot v1, https://goo.gl/fbAQLP

exports[`test a single ExpenseListItem 1`] = `
<Link
  className="list-item"
  replace={false}
  to="/edit/d"
>
  <div>
    <span
      className="list-item__description"
    >
      Gastronomy
    </span>
    <br />
    <span
      className="list-item__createdAt"
    >
      Jan 08 1970
    </span>
  </div>
  <div
    className="list-item__amount"
  >
    $100.00
  </div>
</Link>
`;
